14
-13
9
18
1
13
-5
-1
-2
-14
2
-16
2
48
18
18
3
14
500500
